Archive member included because of file (symbol)

../cross_compiler/lib/gcc/arm-none-eabi/4.8.1//libgcc.a(_udivsi3.o)
                              binaries/qsort.o (__aeabi_uidiv)
../cross_compiler/lib/gcc/arm-none-eabi/4.8.1//libgcc.a(_divsi3.o)
                              binaries/doprnt.o (__aeabi_idiv)
../cross_compiler/lib/gcc/arm-none-eabi/4.8.1//libgcc.a(_dvmd_tls.o)
                              ../cross_compiler/lib/gcc/arm-none-eabi/4.8.1//libgcc.a(_udivsi3.o) (__aeabi_idiv0)
../cross_compiler/lib/gcc/arm-none-eabi/4.8.1//libgcc.a(_arm_muldivdf3.o)
                              binaries/doprnt.o (__aeabi_dmul)
../cross_compiler/lib/gcc/arm-none-eabi/4.8.1//libgcc.a(_arm_cmpdf2.o)
                              binaries/doprnt.o (__aeabi_dcmplt)
../cross_compiler/lib/gcc/arm-none-eabi/4.8.1//libgcc.a(_arm_fixdfsi.o)
                              binaries/doprnt.o (__aeabi_d2iz)

Allocating common symbols
Common symbol       size              file

netbufpool          0x4               binaries/net.o
readylist           0x2               binaries/ready.o
rfltab              0x5a0             binaries/rflinit.o
netportseed         0x4               binaries/net.o
sleepq              0x2               binaries/clkinit.o
topictab            0x800             binaries/ascdate.o
intc_vector         0x200             binaries/evec.o
nnames              0x4               binaries/naminit.o
udptab              0x168             binaries/udp.o
minheap             0x4               binaries/meminit.o
marks               0x50              binaries/mark.o
currpid             0x4               binaries/initialize.o
pqueue              0xc               binaries/ascdate.o
Lf_data             0x20c             binaries/lfsinit.o
porttab             0x2d0             binaries/ptinit.o
ttytab              0x110             binaries/ttyinit.o
proctab             0x15e0            binaries/initialize.o
eth_a_regs          0x1c              binaries/ethinit.o
prcount             0x4               binaries/initialize.o
lfltab              0xf00             binaries/lflinit.o
rdstab              0x8c              binaries/rdsinit.o
ethertab            0x138             binaries/ethinit.o
led                 0x4               binaries/main.o
NetData             0xb0              binaries/net.o
clktime_ms          0x4               binaries/clkinit.o
nmarks              0x4               binaries/mark.o
Defer               0x8               binaries/resched.o
semtab              0x4b0             binaries/initialize.o
maxheap             0x4               binaries/meminit.o
preempt             0x4               binaries/clkinit.o
buftab              0xf0              binaries/bufinit.o
Rf_data             0x18              binaries/rfsinit.o
mkmutex             0x4               binaries/mark.o
broker_id           0x4               binaries/initialize.o
clktime             0x4               binaries/clkinit.o
arpcache            0x140             binaries/arp.o
icmptab             0x230             binaries/icmp.o
nbpools             0x4               binaries/bufinit.o
queuetab            0x980             binaries/queue.o
ptnextid            0x4               binaries/ptinit.o
Ram                 0x19000           binaries/raminit.o
ipoqueue            0x2c              binaries/ip.o
memlist             0x8               binaries/initialize.o
nametab             0x19a0            binaries/naminit.o
ptfree              0x4               binaries/ptinit.o

Memory Configuration

Name             Origin             Length             Attributes
*default*        0x00000000         0xffffffff

Linker script and memory map

                0x81000000                physbase = 0x81000000
                0x81000000                . = physbase
                0x81000000                . = ALIGN (0x1000)

.text           0x81000000    0x15000
                0x81000000                text = ABSOLUTE (.)
 *(.text .text.*)
 .text          0x81000000       0x4c binaries/start.o
                0x81000000                start
 .text          0x8100004c      0x33c binaries/ascdate.o
                0x8100004c                ascdate
 .text          0x81000388       0xcc binaries/broker.o
                0x81000388                broker
 .text          0x81000454       0x18 binaries/bufinit.o
                0x81000454                bufinit
 .text          0x8100046c       0x68 binaries/chprio.o
                0x8100046c                chprio
 .text          0x810004d4      0x104 binaries/clkhandler.o
                0x810004d4                clkhandler
 .text          0x810005d8       0xe0 binaries/clkinit.o
                0x810005d8                clkinit
 .text          0x810006b8       0x50 binaries/close.o
                0x810006b8                close
 .text          0x81000708        0x0 binaries/conf.o
 .text          0x81000708       0x68 binaries/control.o
                0x81000708                control
 .text          0x81000770      0x290 binaries/create.o
                0x81000770                create
 .text          0x81000a00       0xb0 binaries/evec.o
                0x81000a00                initintc
                0x81000a2c                set_evec
                0x81000a6c                irq_dispatch
 .text          0x81000ab0       0x10 binaries/exit.o
                0x81000ab0                exit
 .text          0x81000ac0       0x7c binaries/freebuf.o
                0x81000ac0                freebuf
 .text          0x81000b3c      0x148 binaries/freemem.o
                0x81000b3c                freemem
 .text          0x81000c84       0x78 binaries/getbuf.o
                0x81000c84                getbuf
 .text          0x81000cfc       0x50 binaries/getc.o
                0x81000cfc                getc
 .text          0x81000d4c       0x68 binaries/getdev.o
                0x81000d4c                getdev
 .text          0x81000db4       0xa0 binaries/getitem.o
                0x81000db4                getitem
                0x81000de4                getfirst
                0x81000e18                getlast
 .text          0x81000e54      0x108 binaries/getmem.o
                0x81000e54                getmem
 .text          0x81000f5c       0x10 binaries/getpid.o
                0x81000f5c                getpid
 .text          0x81000f6c       0x5c binaries/getprio.o
                0x81000f6c                getprio
 .text          0x81000fc8       0xc8 binaries/getstk.o
                0x81000fc8                getstk
 .text          0x81001090        0x8 binaries/getticks.o
                0x81001090                getticks
 .text          0x81001098       0x38 binaries/gettime.o
                0x81001098                gettime
 .text          0x810010d0      0x1f4 binaries/getutime.o
                0x810010d0                getutime
 .text          0x810012c4       0x50 binaries/init.o
                0x810012c4                init
 .text          0x81001314      0x374 binaries/initialize.o
                0x810013e8                nulluser
                0x81001628                stop
                0x8100164c                delay
 .text          0x81001688       0xd0 binaries/insert.o
                0x81001688                insert
 .text          0x81001758      0x134 binaries/insertd.o
                0x81001758                insertd
 .text          0x8100188c        0x8 binaries/ioerr.o
                0x8100188c                ioerr
 .text          0x81001894        0x8 binaries/ionull.o
                0x81001894                ionull
 .text          0x8100189c      0x158 binaries/kill.o
                0x8100189c                kill
 .text          0x810019f4       0xd0 binaries/kprintf.o
                0x810019f4                kputc
                0x81001a44                kgetc
                0x81001a84                kprintf
 .text          0x81001ac4       0xa8 binaries/main.o
                0x81001ac4                ledon
                0x81001af8                main
 .text          0x81001b6c       0xd0 binaries/mark.o
                0x81001b6c                markinit
                0x81001b98                mark
 .text          0x81001c3c       0x48 binaries/meminit.o
                0x81001c3c                meminit
 .text          0x81001c84      0x140 binaries/mkbufpool.o
                0x81001c84                mkbufpool
 .text          0x81001dc4       0x7c binaries/newqueue.o
                0x81001dc4                newqueue
 .text          0x81001e40       0x60 binaries/open.o
                0x81001e40                open
 .text          0x81001ea0       0x20 binaries/panic.o
                0x81001ea0                panic
 .text          0x81001ec0       0xac binaries/platinit.o
                0x81001ec0                counterinit
                0x81001ed8                platinit
 .text          0x81001f6c       0xa8 binaries/ptclear.o
                0x81001f6c                _ptclear
 .text          0x81002014       0x78 binaries/ptcount.o
                0x81002014                ptcount
 .text          0x8100208c       0xdc binaries/ptcreate.o
                0x8100208c                ptcreate
 .text          0x81002168       0x74 binaries/ptdelete.o
                0x81002168                ptdelete
 .text          0x810021dc       0xbc binaries/ptinit.o
                0x810021dc                ptinit
 .text          0x81002298       0xd0 binaries/ptrecv.o
                0x81002298                ptrecv
 .text          0x81002368       0x68 binaries/ptreset.o
                0x81002368                ptreset
 .text          0x810023d0       0xf4 binaries/ptsend.o
                0x810023d0                ptsend
 .text          0x810024c4       0x98 binaries/publish.o
                0x810024c4                publish
 .text          0x8100255c       0x58 binaries/putc.o
                0x8100255c                putc
 .text          0x810025b4       0xf4 binaries/queue.o
                0x810025b4                enqueue
                0x8100264c                dequeue
 .text          0x810026a8       0x60 binaries/read.o
                0x810026a8                read
 .text          0x81002708       0x74 binaries/ready.o
                0x81002708                ready
 .text          0x8100277c       0x60 binaries/receive.o
                0x8100277c                receive
 .text          0x810027dc       0x48 binaries/recvclr.o
                0x810027dc                recvclr
 .text          0x81002824       0xb0 binaries/recvtime.o
                0x81002824                recvtime
 .text          0x810028d4      0x1ac binaries/resched.o
                0x810028d4                resched
                0x810029c4                resched_cntl
 .text          0x81002a80       0x90 binaries/resume.o
                0x81002a80                resume
 .text          0x81002b10       0x58 binaries/seek.o
                0x81002b10                seek
 .text          0x81002b68       0x58 binaries/semcount.o
                0x81002b68                semcount
 .text          0x81002bc0       0xb8 binaries/semcreate.o
                0x81002bc0                semcreate
 .text          0x81002c78       0xac binaries/semdelete.o
                0x81002c78                semdelete
 .text          0x81002d24       0xa4 binaries/semreset.o
                0x81002d24                semreset
 .text          0x81002dc8       0xc0 binaries/send.o
                0x81002dc8                send
 .text          0x81002e88       0x80 binaries/signal.o
                0x81002e88                signal
 .text          0x81002f08       0xb0 binaries/signaln.o
                0x81002f08                signaln
 .text          0x81002fb8       0xcc binaries/sleep.o
                0x81002fb8                sleepms
                0x81003054                sleep
 .text          0x81003084       0xbc binaries/subscribe.o
                0x81003084                subscribe
 .text          0x81003140       0xbc binaries/suspend.o
                0x81003140                suspend
 .text          0x810031fc       0xb8 binaries/unsleep.o
                0x810031fc                unsleep
 .text          0x810032b4       0xe0 binaries/unsubscribe.o
                0x810032b4                unsubscribe
 .text          0x81003394       0x10 binaries/userret.o
                0x81003394                userret
 .text          0x810033a4       0xac binaries/wait.o
                0x810033a4                wait
 .text          0x81003450       0xa0 binaries/wakeup.o
                0x81003450                wakeup
 .text          0x810034f0       0x60 binaries/write.o
                0x810034f0                write
 .text          0x81003550       0x18 binaries/xdone.o
                0x81003550                xdone
 .text          0x81003568       0x20 binaries/yield.o
                0x81003568                yield
 .text          0x81003588        0xc binaries/abs.o
                0x81003588                abs
 .text          0x81003594      0x114 binaries/atoi.o
                0x81003594                atoi
 .text          0x810036a8      0x114 binaries/atol.o
                0x810036a8                atol
 .text          0x810037bc       0x20 binaries/bzero.o
                0x810037bc                bzero
 .text          0x810037dc        0x0 binaries/ctype_.o
 .text          0x810037dc      0xa34 binaries/doprnt.o
                0x810039fc                _doprnt
 .text          0x81004210      0x704 binaries/doscan.o
                0x81004210                _doscan
 .text          0x81004914      0x898 binaries/fdoprnt.o
                0x810049c0                _fdoprnt
 .text          0x810051ac       0x14 binaries/fgetc.o
                0x810051ac                fgetc
 .text          0x810051c0       0x84 binaries/fgets.o
                0x810051c0                fgets
 .text          0x81005244       0x3c binaries/fprintf.o
                0x81005244                fprintf
 .text          0x81005280       0x24 binaries/fputc.o
                0x81005280                fputc
 .text          0x810052a4       0x38 binaries/fputs.o
                0x810052a4                fputs
 .text          0x810052dc       0x78 binaries/fscanf.o
                0x81005310                fscanf
 .text          0x81005354       0x2c binaries/getchar.o
                0x81005354                getchar
 .text          0x81005380        0xc binaries/labs.o
                0x81005380                labs
 .text          0x8100538c        0x0 binaries/memchr.o
 .text          0x8100538c       0x60 binaries/memcmp.o
                0x8100538c                memcmp
 .text          0x810053ec       0x24 binaries/memcpy.o
                0x810053ec                memcpy
 .text          0x81005410       0x20 binaries/memset.o
                0x81005410                memset
 .text          0x81005430       0x58 binaries/printf.o
                0x81005430                printf
 .text          0x81005488       0x2c binaries/putchar.o
                0x81005488                putchar
 .text          0x810054b4      0x254 binaries/qsort.o
                0x810056e8                qsort
 .text          0x81005708       0x7c binaries/rand.o
                0x81005708                rand
                0x81005740                rand_r
                0x81005774                srand
 .text          0x81005784       0x68 binaries/sprintf.o
                0x8100579c                sprintf
 .text          0x810057ec       0x78 binaries/sscanf.o
                0x81005820                sscanf
 .text          0x81005864       0x48 binaries/strchr.o
                0x81005864                strchr
 .text          0x810058ac       0x54 binaries/strcmp.o
                0x810058ac                strcmp
 .text          0x81005900       0x18 binaries/strcpy.o
                0x81005900                strcpy
 .text          0x81005918       0x30 binaries/strlen.o
                0x81005918                strlen
 .text          0x81005948       0x50 binaries/strncat.o
                0x81005948                strncat
 .text          0x81005998       0x54 binaries/strncmp.o
                0x81005998                strncmp
 .text          0x810059ec       0x80 binaries/strncpy.o
                0x810059ec                strncpy
 .text          0x81005a6c       0x48 binaries/strnlen.o
                0x81005a6c                strnlen
 .text          0x81005ab4       0x58 binaries/strrchr.o
                0x81005ab4                strrchr
 .text          0x81005b0c       0xb0 binaries/strstr.o
                0x81005b0c                strstr
 .text          0x81005bbc       0xc8 binaries/ttycontrol.o
                0x81005bbc                ttycontrol
 .text          0x81005c84       0x6c binaries/ttygetc.o
                0x81005c84                ttygetc
 .text          0x81005cf0      0x4d8 binaries/ttyhandle_in.o
                0x81005dbc                ttyhandle_in
 .text          0x810061c8      0x14c binaries/ttyhandle_out.o
                0x810061c8                ttyhandle_out
 .text          0x81006314       0xc8 binaries/ttyhandler.o
                0x81006314                ttyhandler
 .text          0x810063dc      0x120 binaries/ttyinit.o
                0x810063dc                ttyinit
 .text          0x810064fc        0xc binaries/ttykickout.o
                0x810064fc                ttykickout
 .text          0x81006508       0x78 binaries/ttyputc.o
                0x81006508                ttyputc
 .text          0x81006580      0x110 binaries/ttyread.o
                0x81006580                ttyread
 .text          0x81006690       0x4c binaries/ttywrite.o
                0x81006690                ttywrite
 .text          0x810066dc      0x134 binaries/mount.o
                0x810066dc                namlen
                0x81006730                mount
 .text          0x81006810      0x1c8 binaries/naminit.o
                0x81006810                naminit
 .text          0x810069d8      0x240 binaries/nammap.o
                0x810069d8                namrepl
                0x81006b10                namcpy
                0x81006b6c                nammap
 .text          0x81006c18       0x40 binaries/namopen.o
                0x81006c18                namopen
 .text          0x81006c58       0x40 binaries/ethcontrol.o
                0x81006c58                ethcontrol
 .text          0x81006c98      0x178 binaries/ethhandler.o
                0x81006c98                ethhandler
 .text          0x81006e10      0x734 binaries/ethinit.o
                0x81006e10                eth_phy_read
                0x81006e80                eth_phy_write
                0x81006ed8                eth_phy_reset
                0x81007048                ethinit
 .text          0x81007544       0xd8 binaries/ethread.o
                0x81007544                ethread
 .text          0x8100761c       0xf0 binaries/ethwrite.o
                0x8100761c                ethwrite
 .text          0x8100770c       0x90 binaries/rdsbufalloc.o
                0x8100770c                rdsbufalloc
 .text          0x8100779c       0xa0 binaries/rdsclose.o
                0x8100779c                rdsclose
 .text          0x8100783c      0x20c binaries/rdscomm.o
                0x8100783c                rdscomm
 .text          0x81007a48      0x1a0 binaries/rdscontrol.o
                0x81007a48                rdscontrol
 .text          0x81007be8      0x180 binaries/rdsinit.o
                0x81007be8                rdsinit
 .text          0x81007d68      0x134 binaries/rdsopen.o
                0x81007d68                rdsopen
 .text          0x81007e9c      0x304 binaries/rdsprocess.o
                0x81007e9c                rdsprocess
 .text          0x810081a0      0x210 binaries/rdsread.o
                0x810081a0                rdsread
 .text          0x810083b0      0x184 binaries/rdswrite.o
                0x810083b0                rdswrite
 .text          0x81008534        0x8 binaries/ramclose.o
                0x81008534                ramclose
 .text          0x8100853c       0x3c binaries/raminit.o
                0x8100853c                raminit
 .text          0x81008578        0x8 binaries/ramopen.o
                0x81008578                ramopen
 .text          0x81008580       0x24 binaries/ramread.o
                0x81008580                ramread
 .text          0x810085a4       0x20 binaries/ramwrite.o
                0x810085a4                ramwrite
 .text          0x810085c4       0x94 binaries/lfdballoc.o
                0x810085c4                lfdballoc
 .text          0x81008658       0x4c binaries/lfdbfree.o
                0x81008658                lfdbfree
 .text          0x810086a4       0xb8 binaries/lfflush.o
                0x810086a4                lfflush
 .text          0x8100875c       0xc8 binaries/lfgetmode.o
                0x8100875c                lfgetmode
 .text          0x81008824       0x6c binaries/lfiballoc.o
                0x81008824                lfiballoc
 .text          0x81008890       0x30 binaries/lfibclear.o
                0x81008890                lfibclear
 .text          0x810088c0       0x64 binaries/lfibget.o
                0x810088c0                lfibget
 .text          0x81008924       0x8c binaries/lfibput.o
                0x81008924                lfibput
 .text          0x810089b0       0x84 binaries/lflclose.o
                0x810089b0                lflclose
 .text          0x81008a34       0xa0 binaries/lflcontrol.o
                0x81008a34                lflcontrol
 .text          0x81008ad4       0xa8 binaries/lflgetc.o
                0x81008ad4                lflgetc
 .text          0x81008b7c       0xa8 binaries/lflinit.o
                0x81008b7c                lflinit
 .text          0x81008c24       0xdc binaries/lflputc.o
                0x81008c24                lflputc
 .text          0x81008d00       0x78 binaries/lflread.o
                0x81008d00                lflread
 .text          0x81008d78       0x80 binaries/lflseek.o
                0x81008d78                lflseek
 .text          0x81008df8       0x5c binaries/lflwrite.o
                0x81008df8                lflwrite
 .text          0x81008e54       0xa0 binaries/lfscheck.o
                0x81008e54                lfscheck
 .text          0x81008ef4      0x144 binaries/lfsckfmt.o
                0x81008ef4                lfsckfmt
 .text          0x81009038      0x15c binaries/lfscreate.o
                0x81009038                lfscreate
 .text          0x81009194      0x1f0 binaries/lfsetup.o
                0x81009194                lfsetup
 .text          0x81009384       0x44 binaries/lfsinit.o
                0x81009384                lfsinit
 .text          0x810093c8      0x358 binaries/lfsopen.o
                0x810093c8                lfsopen
 .text          0x81009720      0x108 binaries/lftruncate.o
                0x81009720                lftruncate
 .text          0x81009828       0x70 binaries/rflclose.o
                0x81009828                rflclose
 .text          0x81009898       0x28 binaries/rflgetc.o
                0x81009898                rflgetc
 .text          0x810098c0       0x54 binaries/rflinit.o
                0x810098c0                rflinit
 .text          0x81009914       0x30 binaries/rflputc.o
                0x81009914                rflputc
 .text          0x81009944      0x28c binaries/rflread.o
                0x81009944                rflread
 .text          0x81009bd0       0x74 binaries/rflseek.o
                0x81009bd0                rflseek
 .text          0x81009c44      0x2c8 binaries/rflwrite.o
                0x81009c44                rflwrite
 .text          0x81009f0c      0x198 binaries/rfscomm.o
                0x81009f0c                rfscomm
 .text          0x8100a0a4      0x224 binaries/rfscontrol.o
                0x8100a0a4                rfscontrol
 .text          0x8100a2c8       0xc8 binaries/rfsgetmode.o
                0x8100a2c8                rfsgetmode
 .text          0x8100a390       0x84 binaries/rfsinit.o
                0x8100a390                rfsinit
 .text          0x8100a414       0xa4 binaries/rfsndmsg.o
                0x8100a414                rfsndmsg
 .text          0x8100a4b8      0x22c binaries/rfsopen.o
                0x8100a4b8                rfsopen
 .text          0x8100a6e4       0x8c binaries/spicontrol.o
                0x8100a6e4                spicontrol
 .text          0x8100a770       0xa8 binaries/spiinit.o
                0x8100a770                spiinit
 .text          0x8100a818        0x8 binaries/gpioinit.o
                0x8100a818                gpioinit
 .text          0x8100a820       0x68 binaries/gpiowrite.o
                0x8100a820                gpiowrite
 .text          0x8100a888      0x714 binaries/arp.o
                0x8100a888                arp_init
                0x8100a8a8                arp_alloc
                0x8100a97c                arp_ntoh
                0x8100aa20                arp_hton
                0x8100aac4                arp_resolve
                0x8100ad28                arp_in
 .text          0x8100af9c      0x6b0 binaries/dhcp.o
                0x8100af9c                dhcp_get_opt_val
                0x8100affc                dhcp_bld_bootp_msg
                0x8100b0f4                dhcp_bld_disc
                0x8100b148                dhcp_bld_req
                0x8100b20c                getlocalip
 .text          0x8100b64c      0x56c binaries/dns.o
                0x8100b734                dnslookup
 .text          0x8100bbb8      0x120 binaries/dot2ip.o
                0x8100bbb8                dot2ip
 .text          0x8100bcd8      0x33c binaries/hexdump.o
                0x8100bcd8                hexdump
                0x8100be38                hexadump
 .text          0x8100c014      0x660 binaries/icmp.o
                0x8100c014                icmp_init
                0x8100c038                icmp_register
                0x8100c0f4                icmp_recv
                0x8100c244                icmp_mkpkt
                0x8100c334                icmp_in
                0x8100c480                icmp_send
                0x8100c4f0                icmp_release
                0x8100c5ac                icmp_cksum
                0x8100c60c                icmp_hton
                0x8100c640                icmp_ntoh
 .text          0x8100c674      0x674 binaries/ip.o
                0x8100c674                ip_local
                0x8100c6a4                ipcksum
                0x8100c6e8                ip_ntoh
                0x8100c78c                ip_in
                0x8100c8c8                ip_hton
                0x8100c96c                ip_out
                0x8100ca20                ip_send
                0x8100cb50                ipout
                0x8100cc4c                ip_enqueue
 .text          0x8100cce8      0x228 binaries/net.o
                0x8100cce8                net_init
                0x8100cdf0                eth_hton
                0x8100ce04                eth_ntoh
                0x8100ce18                netin
                0x8100cec0                getport
 .text          0x8100cf10      0x9dc binaries/pdump.o
                0x8100cf10                pdump
                0x8100d49c                pdumph
 .text          0x8100d8ec      0x56c binaries/tftp.o
                0x8100d8ec                tftp_send1
                0x8100d9d8                tftpget_mb
                0x8100de24                tftpget
 .text          0x8100de58      0x890 binaries/udp.o
                0x8100de58                udp_init
                0x8100de80                udp_in
                0x8100df6c                udp_register
                0x8100e068                udp_recv
                0x8100e19c                udp_recvaddr
                0x8100e2ec                udp_send
                0x8100e464                udp_sendto
                0x8100e5c4                udp_release
                0x8100e680                udp_ntoh
                0x8100e6b4                udp_hton
 .text          0x8100e6e8      0x120 binaries/addargs.o
                0x8100e6e8                addargs
 .text          0x8100e808      0x2b4 binaries/lexan.o
                0x8100e808                lexan
 .text          0x8100eabc      0x6ac binaries/shell.o
                0x8100eabc                shell
 .text          0x8100f168       0x64 binaries/xsh_argecho.o
                0x8100f168                xsh_argecho
 .text          0x8100f1cc      0x1f8 binaries/xsh_arp.o
                0x8100f1cc                xsh_arp
 .text          0x8100f3c4      0x23c binaries/xsh_cat.o
                0x8100f3c4                xsh_cat
 .text          0x8100f600       0x5c binaries/xsh_clear.o
                0x8100f600                xsh_clear
 .text          0x8100f65c      0x29c binaries/xsh_date.o
                0x8100f65c                xsh_date
 .text          0x8100f8f8       0x98 binaries/xsh_devdump.o
                0x8100f8f8                xsh_devdump
 .text          0x8100f990       0x68 binaries/xsh_echo.o
                0x8100f990                xsh_echo
 .text          0x8100f9f8        0x8 binaries/xsh_exit.o
                0x8100f9f8                xsh_exit
 .text          0x8100fa00      0x3d0 binaries/xsh_help.o
                0x8100fa00                xsh_help
 .text          0x8100fdd0      0x1f8 binaries/xsh_kill.o
                0x8100fdd0                xsh_kill
 .text          0x8100ffc8      0x490 binaries/xsh_memdump.o
                0x810100c4                xsh_memdump
 .text          0x81010458      0x224 binaries/xsh_memstat.o
                0x81010458                xsh_memstat
 .text          0x8101067c      0x3fc binaries/xsh_netinfo.o
                0x8101067c                xsh_netinfo
 .text          0x81010a78      0x3b0 binaries/xsh_ping.o
                0x81010a78                xsh_ping
 .text          0x81010e28      0x220 binaries/xsh_ps.o
                0x81010e28                xsh_ps
 .text          0x81011048      0x1cc binaries/xsh_sleep.o
                0x81011048                xsh_sleep
 .text          0x81011214      0x244 binaries/xsh_udpdump.o
                0x81011214                xsh_udpdump
 .text          0x81011458      0x400 binaries/xsh_udpecho.o
                0x81011458                xsh_udpecho
 .text          0x81011858      0x254 binaries/xsh_udpserver.o
                0x81011858                xsh_udpeserver
 .text          0x81011aac      0x1ac binaries/xsh_uptime.o
                0x81011aac                xsh_uptime
 .text          0x81011c58       0x2c binaries/ctxsw.o
                0x81011c58                ctxsw
 .text          0x81011c84      0x100 binaries/intr.o
                0x81011c84                disable
                0x81011c90                restore
                0x81011cb4                enable
                0x81011cbc                pause
                0x81011cbc                halt
                0x81011cc4                irq_except
                0x81011cf4                initevec
                0x81011d54                expjmpinstr
 .text          0x81011d84      0x114 ../cross_compiler/lib/gcc/arm-none-eabi/4.8.1//libgcc.a(_udivsi3.o)
                0x81011d84                __udivsi3
                0x81011d84                __aeabi_uidiv
                0x81011e78                __aeabi_uidivmod
 .text          0x81011e98      0x148 ../cross_compiler/lib/gcc/arm-none-eabi/4.8.1//libgcc.a(_divsi3.o)
                0x81011e98                __aeabi_idiv
                0x81011e98                __divsi3
                0x81011fc0                __aeabi_idivmod
 .text          0x81011fe0        0x4 ../cross_compiler/lib/gcc/arm-none-eabi/4.8.1//libgcc.a(_dvmd_tls.o)
                0x81011fe0                __aeabi_ldiv0
                0x81011fe0                __aeabi_idiv0
 .text          0x81011fe4      0x49c ../cross_compiler/lib/gcc/arm-none-eabi/4.8.1//libgcc.a(_arm_muldivdf3.o)
                0x81011fe4                __aeabi_dmul
                0x81011fe4                __muldf3
                0x81012274                __aeabi_ddiv
                0x81012274                __divdf3
 .text          0x81012480      0x144 ../cross_compiler/lib/gcc/arm-none-eabi/4.8.1//libgcc.a(_arm_cmpdf2.o)
                0x81012480                __gtdf2
                0x81012480                __gedf2
                0x81012488                __ltdf2
                0x81012488                __ledf2
                0x81012490                __cmpdf2
                0x81012490                __eqdf2
                0x81012490                __nedf2
                0x81012518                __aeabi_cdrcmple
                0x81012534                __aeabi_cdcmple
                0x81012534                __aeabi_cdcmpeq
                0x8101254c                __aeabi_dcmpeq
                0x81012564                __aeabi_dcmplt
                0x8101257c                __aeabi_dcmple
                0x81012594                __aeabi_dcmpge
                0x810125ac                __aeabi_dcmpgt
 .text          0x810125c4       0x5c ../cross_compiler/lib/gcc/arm-none-eabi/4.8.1//libgcc.a(_arm_fixdfsi.o)
                0x810125c4                __fixdfsi
                0x810125c4                __aeabi_d2iz
 *(.rodata .rodata.*)
 .rodata.str1.4
                0x81012620       0x78 binaries/ascdate.o
 .rodata.str1.4
                0x81012698       0x2a binaries/broker.o
                                 0x2c (size before relaxing)
 *fill*         0x810126c2        0x2 
 .rodata.str1.4
                0x810126c4       0xe1 binaries/conf.o
                                 0xe4 (size before relaxing)
 *fill*         0x810127a5        0x3 
 .rodata.str1.4
                0x810127a8       0x61 binaries/getutime.o
                                 0x64 (size before relaxing)
 *fill*         0x81012809        0x3 
 .rodata.str1.4
                0x8101280c      0x190 binaries/initialize.o
                                0x194 (size before relaxing)
 .rodata.str1.4
                0x8101299c       0x18 binaries/main.o
 .rodata.str1.4
                0x810129b4        0xf binaries/panic.o
                                 0x10 (size before relaxing)
 *fill*         0x810129c3        0x1 
 .rodata.str1.4
                0x810129c4       0x1d binaries/ptinit.o
                                 0x20 (size before relaxing)
 *fill*         0x810129e1        0x3 
 .rodata.str1.4
                0x810129e4       0x25 binaries/ptsend.o
                                 0x28 (size before relaxing)
 *fill*         0x81012a09        0x3 
 .rodata.str1.4
                0x81012a0c       0x32 binaries/publish.o
                                 0x34 (size before relaxing)
 *fill*         0x81012a3e        0x2 
 .rodata.str1.4
                0x81012a40       0x50 binaries/subscribe.o
 .rodata.str1.4
                0x81012a90       0x5d binaries/unsubscribe.o
                                 0x60 (size before relaxing)
 *fill*         0x81012aed        0x3 
 .rodata.str1.4
                0x81012af0       0x27 binaries/xdone.o
                                 0x28 (size before relaxing)
 *fill*         0x81012b17        0x1 
 .rodata        0x81012b18       0x84 binaries/ctype_.o
                0x81012b18                _ctype_
 .rodata.str1.4
                0x81012b9c       0x2f binaries/doprnt.o
                                 0x30 (size before relaxing)
 .rodata.str1.4
                0x00000000       0x30 binaries/fdoprnt.o
 *fill*         0x81012bcb        0x1 
 .rodata.str1.4
                0x81012bcc       0x86 binaries/naminit.o
                                 0x90 (size before relaxing)
 *fill*         0x81012c52        0x2 
 .rodata.str1.4
                0x81012c54       0xe5 binaries/ethinit.o
                                 0xe8 (size before relaxing)
 *fill*         0x81012d39        0x3 
 .rodata.str1.4
                0x81012d3c       0x12 binaries/ethread.o
                                 0x14 (size before relaxing)
 *fill*         0x81012d4e        0x2 
 .rodata.str1.4
                0x81012d50       0x2c binaries/rdsbufalloc.o
 .rodata.str1.4
                0x81012d7c       0x76 binaries/rdscomm.o
                                 0x78 (size before relaxing)
 *fill*         0x81012df2        0x2 
 .rodata.str1.4
                0x81012df4       0x48 binaries/rdscontrol.o
 .rodata.str1.4
                0x81012e3c       0x96 binaries/rdsinit.o
                                 0x98 (size before relaxing)
 *fill*         0x81012ed2        0x2 
 .rodata.str1.4
                0x81012ed4       0x22 binaries/rdsopen.o
                                 0x24 (size before relaxing)
 *fill*         0x81012ef6        0x2 
 .rodata.str1.4
                0x81012ef8       0x4d binaries/rdsprocess.o
                                 0x50 (size before relaxing)
 *fill*         0x81012f45        0x3 
 .rodata.str1.4
                0x81012f48        0x9 binaries/raminit.o
                                  0xc (size before relaxing)
 *fill*         0x81012f51        0x3 
 .rodata.str1.4
                0x81012f54       0x37 binaries/lfdballoc.o
                                 0x38 (size before relaxing)
 *fill*         0x81012f8b        0x1 
 .rodata.str1.4
                0x81012f8c       0x14 binaries/lfiballoc.o
 .rodata.str1.4
                0x81012fa0       0x23 binaries/lflcontrol.o
                                 0x24 (size before relaxing)
 *fill*         0x81012fc3        0x1 
 .rodata.str1.4
                0x81012fc4      0x11f binaries/lfsckfmt.o
                                0x120 (size before relaxing)
 *fill*         0x810130e3        0x1 
 .rodata.str1.4
                0x810130e4       0x2a binaries/lfsopen.o
                                 0x2c (size before relaxing)
 *fill*         0x8101310e        0x2 
 .rodata.str1.4
                0x81013110       0x21 binaries/rflread.o
                                 0x24 (size before relaxing)
 .rodata.str1.4
                0x00000000       0x24 binaries/rflwrite.o
 *fill*         0x81013131        0x3 
 .rodata.str1.4
                0x81013134       0x75 binaries/rfscomm.o
                                 0x78 (size before relaxing)
 *fill*         0x810131a9        0x3 
 .rodata.str1.4
                0x810131ac       0x23 binaries/rfscontrol.o
                                 0x24 (size before relaxing)
 *fill*         0x810131cf        0x1 
 .rodata.str1.4
                0x810131d0       0x63 binaries/rfsinit.o
                                 0x64 (size before relaxing)
 *fill*         0x81013233        0x1 
 .rodata.str1.4
                0x81013234       0x2a binaries/rfsndmsg.o
                                 0x2c (size before relaxing)
 .rodata.str1.4
                0x00000000       0x24 binaries/rfsopen.o
 *fill*         0x8101325e        0x2 
 .rodata.str1.4
                0x81013260       0x55 binaries/gpiowrite.o
                                 0x58 (size before relaxing)
 *fill*         0x810132b5        0x3 
 .rodata.str1.4
                0x810132b8       0x3d binaries/arp.o
                                 0x40 (size before relaxing)
 *fill*         0x810132f5        0x3 
 .rodata.str1.4
                0x810132f8       0xd3 binaries/dhcp.o
                                 0xd4 (size before relaxing)
 *fill*         0x810133cb        0x1 
 .rodata.str1.4
                0x810133cc       0x1a binaries/dns.o
                                 0x1c (size before relaxing)
 *fill*         0x810133e6        0x2 
 .rodata.str1.4
                0x810133e8       0xca binaries/hexdump.o
                                 0xd8 (size before relaxing)
 *fill*         0x810134b2        0x2 
 .rodata.str1.4
                0x810134b4       0x29 binaries/icmp.o
                                 0x2c (size before relaxing)
 *fill*         0x810134dd        0x3 
 .rodata.str1.4
                0x810134e0       0x6e binaries/ip.o
                                 0x70 (size before relaxing)
 *fill*         0x8101354e        0x2 
 .rodata.str1.4
                0x81013550       0x53 binaries/net.o
                                 0x54 (size before relaxing)
 *fill*         0x810135a3        0x1 
 .rodata.str1.4
                0x810135a4      0x292 binaries/pdump.o
                                0x298 (size before relaxing)
 *fill*         0x81013836        0x2 
 .rodata.str1.4
                0x81013838      0x154 binaries/tftp.o
                                0x158 (size before relaxing)
 .rodata        0x8101398c       0xfc binaries/shell.o
                0x8101398c                cmdtab
 .rodata.str1.4
                0x81013a88      0x2e6 binaries/shell.o
                                0x2f0 (size before relaxing)
 *fill*         0x81013d6e        0x2 
 .rodata.str1.4
                0x81013d70       0x29 binaries/xsh_argecho.o
                                 0x30 (size before relaxing)
 *fill*         0x81013d99        0x3 
 .rodata.str1.4
                0x81013d9c      0x13e binaries/xsh_arp.o
                                0x144 (size before relaxing)
 *fill*         0x81013eda        0x2 
 .rodata.str1.4
                0x81013edc       0x81 binaries/xsh_cat.o
                                 0xd4 (size before relaxing)
 *fill*         0x81013f5d        0x3 
 .rodata.str1.4
                0x81013f60       0x19 binaries/xsh_clear.o
                                 0x1c (size before relaxing)
 *fill*         0x81013f79        0x3 
 .rodata.str1.4
                0x81013f7c      0x1af binaries/xsh_date.o
                                0x1cc (size before relaxing)
 *fill*         0x8101412b        0x1 
 .rodata.str1.4
                0x8101412c       0x61 binaries/xsh_devdump.o
                                 0x64 (size before relaxing)
 *fill*         0x8101418d        0x3 
 .rodata.str1.4
                0x81014190        0x8 binaries/xsh_echo.o
                                  0xc (size before relaxing)
 .rodata.str1.4
                0x81014198       0xe7 binaries/xsh_help.o
                                0x17c (size before relaxing)
 *fill*         0x8101427f        0x1 
 .rodata.str1.4
                0x81014280       0xc8 binaries/xsh_kill.o
                                0x138 (size before relaxing)
 .rodata.str1.4
                0x81014348      0x226 binaries/xsh_memdump.o
                                0x27c (size before relaxing)
 *fill*         0x8101456e        0x2 
 .rodata.str1.4
                0x81014570      0x1cc binaries/xsh_memstat.o
                                0x234 (size before relaxing)
 .rodata.str1.4
                0x8101473c      0x10f binaries/xsh_netinfo.o
                                0x1cc (size before relaxing)
 *fill*         0x8101484b        0x1 
 .rodata.str1.4
                0x8101484c      0x13f binaries/xsh_ping.o
                                0x1b4 (size before relaxing)
 *fill*         0x8101498b        0x1 
 .rodata        0x8101498c       0x20 binaries/xsh_ps.o
 .rodata.str1.4
                0x810149ac      0x11a binaries/xsh_ps.o
                                0x1d4 (size before relaxing)
 *fill*         0x81014ac6        0x2 
 .rodata.str1.4
                0x81014ac8       0x5e binaries/xsh_sleep.o
                                 0xf8 (size before relaxing)
 *fill*         0x81014b26        0x2 
 .rodata        0x81014b28        0xc binaries/xsh_udpdump.o
 .rodata.str1.4
                0x81014b34      0x122 binaries/xsh_udpdump.o
                                0x1e0 (size before relaxing)
 *fill*         0x81014c56        0x2 
 .rodata.str1.4
                0x81014c58      0x1ae binaries/xsh_udpecho.o
                                0x224 (size before relaxing)
 *fill*         0x81014e06        0x2 
 .rodata.str1.4
                0x81014e08       0x97 binaries/xsh_udpserver.o
                                0x13c (size before relaxing)
 *fill*         0x81014e9f        0x1 
 .rodata.str1.4
                0x81014ea0       0x78 binaries/xsh_uptime.o
                                0x114 (size before relaxing)
                0x81014f18                etext = ABSOLUTE (.)
                0x81015000                . = ALIGN (0x1000)
 *fill*         0x81014f18       0xe8 

.glue_7         0x81015000        0x0
 .glue_7        0x00000000        0x0 linker stubs

.glue_7t        0x81015000        0x0
 .glue_7t       0x00000000        0x0 linker stubs

.vfp11_veneer   0x81015000        0x0
 .vfp11_veneer  0x00000000        0x0 linker stubs

.v4_bx          0x81015000        0x0
 .v4_bx         0x00000000        0x0 linker stubs

.iplt           0x81015000        0x0
 .iplt          0x00000000        0x0 binaries/start.o

.rel.dyn        0x81015000        0x0
 .rel.iplt      0x00000000        0x0 binaries/start.o

.data           0x81015000     0x1000
                0x81015000                data = ABSOLUTE (.)
 *(.data .data.*)
 .data          0x81015000        0x0 binaries/start.o
 .data          0x81015000       0x88 binaries/ascdate.o
                0x81015000                Date
 .data          0x81015088        0x0 binaries/broker.o
 .data          0x81015088        0x0 binaries/bufinit.o
 .data          0x81015088        0x0 binaries/chprio.o
 .data          0x81015088        0x4 binaries/clkhandler.o
 .data          0x8101508c        0x0 binaries/clkinit.o
 .data          0x8101508c        0x0 binaries/close.o
 .data          0x8101508c      0x654 binaries/conf.o
                0x8101508c                devtab
 .data          0x810156e0        0x0 binaries/control.o
 .data          0x810156e0        0x4 binaries/create.o
 .data          0x810156e4       0x40 binaries/evec.o
                0x810156e4                expmsg2
                0x810156f8                expmsg1
 .data          0x81015724        0x0 binaries/exit.o
 .data          0x81015724        0x0 binaries/freebuf.o
 .data          0x81015724        0x0 binaries/freemem.o
 .data          0x81015724        0x0 binaries/getbuf.o
 .data          0x81015724        0x0 binaries/getc.o
 .data          0x81015724        0x0 binaries/getdev.o
 .data          0x81015724        0x0 binaries/getitem.o
 .data          0x81015724        0x0 binaries/getmem.o
 .data          0x81015724        0x0 binaries/getpid.o
 .data          0x81015724        0x0 binaries/getprio.o
 .data          0x81015724        0x0 binaries/getstk.o
 .data          0x81015724        0x0 binaries/getticks.o
 .data          0x81015724        0x0 binaries/gettime.o
 .data          0x81015724        0x0 binaries/getutime.o
 .data          0x81015724        0x0 binaries/init.o
 .data          0x81015724        0x0 binaries/initialize.o
 .data          0x81015724        0x0 binaries/insert.o
 .data          0x81015724        0x0 binaries/insertd.o
 .data          0x81015724        0x0 binaries/ioerr.o
 .data          0x81015724        0x0 binaries/ionull.o
 .data          0x81015724        0x0 binaries/kill.o
 .data          0x81015724        0x0 binaries/kprintf.o
 .data          0x81015724        0x0 binaries/main.o
 .data          0x81015724        0x0 binaries/mark.o
 .data          0x81015724        0x0 binaries/meminit.o
 .data          0x81015724        0x0 binaries/mkbufpool.o
 .data          0x81015724        0x2 binaries/newqueue.o
 .data          0x81015726        0x0 binaries/open.o
 .data          0x81015726        0x0 binaries/panic.o
 .data          0x81015726        0x0 binaries/platinit.o
 .data          0x81015726        0x0 binaries/ptclear.o
 .data          0x81015726        0x0 binaries/ptcount.o
 .data          0x81015726        0x0 binaries/ptcreate.o
 .data          0x81015726        0x0 binaries/ptdelete.o
 .data          0x81015726        0x0 binaries/ptinit.o
 .data          0x81015726        0x0 binaries/ptrecv.o
 .data          0x81015726        0x0 binaries/ptreset.o
 .data          0x81015726        0x0 binaries/ptsend.o
 .data          0x81015726        0x0 binaries/publish.o
 .data          0x81015726        0x0 binaries/putc.o
 .data          0x81015726        0x0 binaries/queue.o
 .data          0x81015726        0x0 binaries/read.o
 .data          0x81015726        0x0 binaries/ready.o
 .data          0x81015726        0x0 binaries/receive.o
 .data          0x81015726        0x0 binaries/recvclr.o
 .data          0x81015726        0x0 binaries/recvtime.o
 .data          0x81015726        0x0 binaries/resched.o
 .data          0x81015726        0x0 binaries/resume.o
 .data          0x81015726        0x0 binaries/seek.o
 .data          0x81015726        0x0 binaries/semcount.o
 .data          0x81015726        0x0 binaries/semcreate.o
 .data          0x81015726        0x0 binaries/semdelete.o
 .data          0x81015726        0x0 binaries/semreset.o
 .data          0x81015726        0x0 binaries/send.o
 .data          0x81015726        0x0 binaries/signal.o
 .data          0x81015726        0x0 binaries/signaln.o
 .data          0x81015726        0x0 binaries/sleep.o
 .data          0x81015726        0x0 binaries/subscribe.o
 .data          0x81015726        0x0 binaries/suspend.o
 .data          0x81015726        0x0 binaries/unsleep.o
 .data          0x81015726        0x0 binaries/unsubscribe.o
 .data          0x81015726        0x0 binaries/userret.o
 .data          0x81015726        0x0 binaries/wait.o
 .data          0x81015726        0x0 binaries/wakeup.o
 .data          0x81015726        0x0 binaries/write.o
 .data          0x81015726        0x0 binaries/xdone.o
 .data          0x81015726        0x0 binaries/yield.o
 .data          0x81015726        0x0 binaries/abs.o
 .data          0x81015726        0x0 binaries/atoi.o
 .data          0x81015726        0x0 binaries/atol.o
 .data          0x81015726        0x0 binaries/bzero.o
 .data          0x81015726        0x0 binaries/ctype_.o
 .data          0x81015726        0x0 binaries/doprnt.o
 *fill*         0x81015726        0x2 
 .data          0x81015728       0x80 binaries/doscan.o
                0x81015728                _sctab
 .data          0x810157a8        0x0 binaries/fdoprnt.o
 .data          0x810157a8        0x0 binaries/fgetc.o
 .data          0x810157a8        0x0 binaries/fgets.o
 .data          0x810157a8        0x0 binaries/fprintf.o
 .data          0x810157a8        0x0 binaries/fputc.o
 .data          0x810157a8        0x0 binaries/fputs.o
 .data          0x810157a8        0x0 binaries/fscanf.o
 .data          0x810157a8        0x0 binaries/getchar.o
 .data          0x810157a8        0x0 binaries/labs.o
 .data          0x810157a8        0x0 binaries/memchr.o
 .data          0x810157a8        0x0 binaries/memcmp.o
 .data          0x810157a8        0x0 binaries/memcpy.o
 .data          0x810157a8        0x0 binaries/memset.o
 .data          0x810157a8        0x0 binaries/printf.o
 .data          0x810157a8        0x0 binaries/putchar.o
 .data          0x810157a8        0x0 binaries/qsort.o
 .data          0x810157a8        0x4 binaries/rand.o
 .data          0x810157ac        0x0 binaries/sprintf.o
 .data          0x810157ac        0x0 binaries/sscanf.o
 .data          0x810157ac        0x0 binaries/strchr.o
 .data          0x810157ac        0x0 binaries/strcmp.o
 .data          0x810157ac        0x0 binaries/strcpy.o
 .data          0x810157ac        0x0 binaries/strlen.o
 .data          0x810157ac        0x0 binaries/strncat.o
 .data          0x810157ac        0x0 binaries/strncmp.o
 .data          0x810157ac        0x0 binaries/strncpy.o
 .data          0x810157ac        0x0 binaries/strnlen.o
 .data          0x810157ac        0x0 binaries/strrchr.o
 .data          0x810157ac        0x0 binaries/strstr.o
 .data          0x810157ac        0x0 binaries/ttycontrol.o
 .data          0x810157ac        0x0 binaries/ttygetc.o
 .data          0x810157ac        0x0 binaries/ttyhandle_in.o
 .data          0x810157ac        0x0 binaries/ttyhandle_out.o
 .data          0x810157ac        0x0 binaries/ttyhandler.o
 .data          0x810157ac        0x0 binaries/ttyinit.o
 .data          0x810157ac        0x0 binaries/ttykickout.o
 .data          0x810157ac        0x0 binaries/ttyputc.o
 .data          0x810157ac        0x0 binaries/ttyread.o
 .data          0x810157ac        0x0 binaries/ttywrite.o
 .data          0x810157ac        0x0 binaries/mount.o
 .data          0x810157ac        0x0 binaries/naminit.o
 .data          0x810157ac        0x0 binaries/nammap.o
 .data          0x810157ac        0x0 binaries/namopen.o
 .data          0x810157ac        0x0 binaries/ethcontrol.o
 .data          0x810157ac        0x0 binaries/ethhandler.o
 .data          0x810157ac        0x0 binaries/ethinit.o
 .data          0x810157ac        0x0 binaries/ethread.o
 .data          0x810157ac        0x0 binaries/ethwrite.o
 .data          0x810157ac        0x0 binaries/rdsbufalloc.o
 .data          0x810157ac        0x0 binaries/rdsclose.o
 .data          0x810157ac        0x0 binaries/rdscomm.o
 .data          0x810157ac        0x0 binaries/rdscontrol.o
 .data          0x810157ac        0x0 binaries/rdsinit.o
 .data          0x810157ac        0x0 binaries/rdsopen.o
 .data          0x810157ac        0x0 binaries/rdsprocess.o
 .data          0x810157ac        0x0 binaries/rdsread.o
 .data          0x810157ac        0x0 binaries/rdswrite.o
 .data          0x810157ac        0x0 binaries/ramclose.o
 .data          0x810157ac        0x0 binaries/raminit.o
 .data          0x810157ac        0x0 binaries/ramopen.o
 .data          0x810157ac        0x0 binaries/ramread.o
 .data          0x810157ac        0x0 binaries/ramwrite.o
 .data          0x810157ac        0x0 binaries/lfdballoc.o
 .data          0x810157ac        0x0 binaries/lfdbfree.o
 .data          0x810157ac        0x0 binaries/lfflush.o
 .data          0x810157ac        0x0 binaries/lfgetmode.o
 .data          0x810157ac        0x0 binaries/lfiballoc.o
 .data          0x810157ac        0x0 binaries/lfibclear.o
 .data          0x810157ac        0x0 binaries/lfibget.o
 .data          0x810157ac        0x0 binaries/lfibput.o
 .data          0x810157ac        0x0 binaries/lflclose.o
 .data          0x810157ac        0x0 binaries/lflcontrol.o
 .data          0x810157ac        0x0 binaries/lflgetc.o
 .data          0x810157ac        0x0 binaries/lflinit.o
 .data          0x810157ac        0x0 binaries/lflputc.o
 .data          0x810157ac        0x0 binaries/lflread.o
 .data          0x810157ac        0x0 binaries/lflseek.o
 .data          0x810157ac        0x0 binaries/lflwrite.o
 .data          0x810157ac        0x0 binaries/lfscheck.o
 .data          0x810157ac        0x0 binaries/lfsckfmt.o
 .data          0x810157ac        0x0 binaries/lfscreate.o
 .data          0x810157ac        0x0 binaries/lfsetup.o
 .data          0x810157ac        0x0 binaries/lfsinit.o
 .data          0x810157ac        0x0 binaries/lfsopen.o
 .data          0x810157ac        0x0 binaries/lftruncate.o
 .data          0x810157ac        0x0 binaries/rflclose.o
 .data          0x810157ac        0x0 binaries/rflgetc.o
 .data          0x810157ac        0x0 binaries/rflinit.o
 .data          0x810157ac        0x0 binaries/rflputc.o
 .data          0x810157ac        0x0 binaries/rflread.o
 .data          0x810157ac        0x0 binaries/rflseek.o
 .data          0x810157ac        0x0 binaries/rflwrite.o
 .data          0x810157ac        0x0 binaries/rfscomm.o
 .data          0x810157ac        0x0 binaries/rfscontrol.o
 .data          0x810157ac        0x0 binaries/rfsgetmode.o
 .data          0x810157ac        0x0 binaries/rfsinit.o
 .data          0x810157ac        0x0 binaries/rfsndmsg.o
 .data          0x810157ac        0x0 binaries/rfsopen.o
 .data          0x810157ac        0x0 binaries/spicontrol.o
 .data          0x810157ac        0x0 binaries/spiinit.o
 .data          0x810157ac        0x0 binaries/gpioinit.o
 .data          0x810157ac        0x0 binaries/gpiowrite.o
 .data          0x810157ac        0x0 binaries/arp.o
 .data          0x810157ac        0x0 binaries/dhcp.o
 .data          0x810157ac        0x0 binaries/dns.o
 .data          0x810157ac        0x0 binaries/dot2ip.o
 .data          0x810157ac        0x0 binaries/hexdump.o
 .data          0x810157ac        0x4 binaries/icmp.o
 .data          0x810157b0        0x0 binaries/ip.o
 .data          0x810157b0        0x0 binaries/net.o
 .data          0x810157b0        0x0 binaries/pdump.o
 .data          0x810157b0        0x0 binaries/tftp.o
 .data          0x810157b0        0x4 binaries/udp.o
 .data          0x810157b4        0x0 binaries/addargs.o
 .data          0x810157b4        0x0 binaries/lexan.o
 .data          0x810157b4        0x4 binaries/shell.o
                0x810157b4                ncmd
 .data          0x810157b8        0x0 binaries/xsh_argecho.o
 .data          0x810157b8        0x0 binaries/xsh_arp.o
 .data          0x810157b8        0x0 binaries/xsh_cat.o
 .data          0x810157b8        0x0 binaries/xsh_clear.o
 .data          0x810157b8        0x0 binaries/xsh_date.o
 .data          0x810157b8        0x0 binaries/xsh_devdump.o
 .data          0x810157b8        0x0 binaries/xsh_echo.o
 .data          0x810157b8        0x0 binaries/xsh_exit.o
 .data          0x810157b8        0x0 binaries/xsh_help.o
 .data          0x810157b8        0x0 binaries/xsh_kill.o
 .data          0x810157b8        0x0 binaries/xsh_memdump.o
 .data          0x810157b8        0x0 binaries/xsh_memstat.o
 .data          0x810157b8        0x0 binaries/xsh_netinfo.o
 .data          0x810157b8        0x0 binaries/xsh_ping.o
 .data          0x810157b8        0x0 binaries/xsh_ps.o
 .data          0x810157b8        0x0 binaries/xsh_sleep.o
 .data          0x810157b8        0x0 binaries/xsh_udpdump.o
 .data          0x810157b8        0x0 binaries/xsh_udpecho.o
 .data          0x810157b8        0x0 binaries/xsh_udpserver.o
 .data          0x810157b8        0x0 binaries/xsh_uptime.o
 .data          0x810157b8        0x0 binaries/ctxsw.o
 .data          0x810157b8        0x0 binaries/intr.o
 .data          0x810157b8        0x0 ../cross_compiler/lib/gcc/arm-none-eabi/4.8.1//libgcc.a(_udivsi3.o)
 .data          0x810157b8        0x0 ../cross_compiler/lib/gcc/arm-none-eabi/4.8.1//libgcc.a(_divsi3.o)
 .data          0x810157b8        0x0 ../cross_compiler/lib/gcc/arm-none-eabi/4.8.1//libgcc.a(_dvmd_tls.o)
 .data          0x810157b8        0x0 ../cross_compiler/lib/gcc/arm-none-eabi/4.8.1//libgcc.a(_arm_muldivdf3.o)
 .data          0x810157b8        0x0 ../cross_compiler/lib/gcc/arm-none-eabi/4.8.1//libgcc.a(_arm_cmpdf2.o)
 .data          0x810157b8        0x0 ../cross_compiler/lib/gcc/arm-none-eabi/4.8.1//libgcc.a(_arm_fixdfsi.o)
                0x810157b8                edata = ABSOLUTE (.)
                0x81016000                . = ALIGN (0x1000)
 *fill*         0x810157b8      0x848 

.igot.plt       0x81016000        0x0
 .igot.plt      0x00000000        0x0 binaries/start.o

.bss            0x81016000    0x20000
                0x81016000                bss = ABSOLUTE (.)
 *(.bss .bss.*)
 .bss           0x81016000        0x0 binaries/start.o
 .bss           0x81016000        0x0 binaries/ascdate.o
 .bss           0x81016000        0x0 binaries/broker.o
 .bss           0x81016000        0x0 binaries/bufinit.o
 .bss           0x81016000        0x0 binaries/chprio.o
 .bss           0x81016000        0x0 binaries/clkhandler.o
 .bss           0x81016000        0x4 binaries/clkinit.o
                0x81016000                ctr1000
 .bss           0x81016004        0x0 binaries/close.o
 .bss           0x81016004        0x0 binaries/conf.o
 .bss           0x81016004        0x0 binaries/control.o
 .bss           0x81016004        0x0 binaries/create.o
 .bss           0x81016004        0x0 binaries/evec.o
 .bss           0x81016004        0x0 binaries/exit.o
 .bss           0x81016004        0x0 binaries/freebuf.o
 .bss           0x81016004        0x0 binaries/freemem.o
 .bss           0x81016004        0x0 binaries/getbuf.o
 .bss           0x81016004        0x0 binaries/getc.o
 .bss           0x81016004        0x0 binaries/getdev.o
 .bss           0x81016004        0x0 binaries/getitem.o
 .bss           0x81016004        0x0 binaries/getmem.o
 .bss           0x81016004        0x0 binaries/getpid.o
 .bss           0x81016004        0x0 binaries/getprio.o
 .bss           0x81016004        0x0 binaries/getstk.o
 .bss           0x81016004        0x0 binaries/getticks.o
 .bss           0x81016004        0x0 binaries/gettime.o
 .bss           0x81016004        0x0 binaries/getutime.o
 .bss           0x81016004        0x0 binaries/init.o
 .bss           0x81016004        0x0 binaries/initialize.o
 .bss           0x81016004        0x0 binaries/insert.o
 .bss           0x81016004        0x0 binaries/insertd.o
 .bss           0x81016004        0x0 binaries/ioerr.o
 .bss           0x81016004        0x0 binaries/ionull.o
 .bss           0x81016004        0x0 binaries/kill.o
 .bss           0x81016004        0x0 binaries/kprintf.o
 .bss           0x81016004        0x0 binaries/main.o
 .bss           0x81016004        0x0 binaries/mark.o
 .bss           0x81016004        0x0 binaries/meminit.o
 .bss           0x81016004        0x0 binaries/mkbufpool.o
 .bss           0x81016004        0x0 binaries/newqueue.o
 .bss           0x81016004        0x0 binaries/open.o
 .bss           0x81016004        0x0 binaries/panic.o
 .bss           0x81016004        0x0 binaries/platinit.o
 .bss           0x81016004        0x0 binaries/ptclear.o
 .bss           0x81016004        0x0 binaries/ptcount.o
 .bss           0x81016004        0x0 binaries/ptcreate.o
 .bss           0x81016004        0x0 binaries/ptdelete.o
 .bss           0x81016004        0x0 binaries/ptinit.o
 .bss           0x81016004        0x0 binaries/ptrecv.o
 .bss           0x81016004        0x0 binaries/ptreset.o
 .bss           0x81016004        0x0 binaries/ptsend.o
 .bss           0x81016004        0x0 binaries/publish.o
 .bss           0x81016004        0x0 binaries/putc.o
 .bss           0x81016004        0x0 binaries/queue.o
 .bss           0x81016004        0x0 binaries/read.o
 .bss           0x81016004        0x0 binaries/ready.o
 .bss           0x81016004        0x0 binaries/receive.o
 .bss           0x81016004        0x0 binaries/recvclr.o
 .bss           0x81016004        0x0 binaries/recvtime.o
 .bss           0x81016004        0x0 binaries/resched.o
 .bss           0x81016004        0x0 binaries/resume.o
 .bss           0x81016004        0x0 binaries/seek.o
 .bss           0x81016004        0x0 binaries/semcount.o
 .bss           0x81016004        0x4 binaries/semcreate.o
 .bss           0x81016008        0x0 binaries/semdelete.o
 .bss           0x81016008        0x0 binaries/semreset.o
 .bss           0x81016008        0x0 binaries/send.o
 .bss           0x81016008        0x0 binaries/signal.o
 .bss           0x81016008        0x0 binaries/signaln.o
 .bss           0x81016008        0x0 binaries/sleep.o
 .bss           0x81016008        0x0 binaries/subscribe.o
 .bss           0x81016008        0x0 binaries/suspend.o
 .bss           0x81016008        0x0 binaries/unsleep.o
 .bss           0x81016008        0x0 binaries/unsubscribe.o
 .bss           0x81016008        0x0 binaries/userret.o
 .bss           0x81016008        0x0 binaries/wait.o
 .bss           0x81016008        0x0 binaries/wakeup.o
 .bss           0x81016008        0x0 binaries/write.o
 .bss           0x81016008        0x0 binaries/xdone.o
 .bss           0x81016008        0x0 binaries/yield.o
 .bss           0x81016008        0x0 binaries/abs.o
 .bss           0x81016008        0x0 binaries/atoi.o
 .bss           0x81016008        0x0 binaries/atol.o
 .bss           0x81016008        0x0 binaries/bzero.o
 .bss           0x81016008        0x0 binaries/ctype_.o
 .bss           0x81016008        0x0 binaries/doprnt.o
 .bss           0x81016008        0x0 binaries/doscan.o
 .bss           0x81016008        0x0 binaries/fdoprnt.o
 .bss           0x81016008        0x0 binaries/fgetc.o
 .bss           0x81016008        0x0 binaries/fgets.o
 .bss           0x81016008        0x0 binaries/fprintf.o
 .bss           0x81016008        0x0 binaries/fputc.o
 .bss           0x81016008        0x0 binaries/fputs.o
 .bss           0x81016008        0x0 binaries/fscanf.o
 .bss           0x81016008        0x0 binaries/getchar.o
 .bss           0x81016008        0x0 binaries/labs.o
 .bss           0x81016008        0x0 binaries/memchr.o
 .bss           0x81016008        0x0 binaries/memcmp.o
 .bss           0x81016008        0x0 binaries/memcpy.o
 .bss           0x81016008        0x0 binaries/memset.o
 .bss           0x81016008        0x0 binaries/printf.o
 .bss           0x81016008        0x0 binaries/putchar.o
 .bss           0x81016008        0x8 binaries/qsort.o
 .bss           0x81016010        0x0 binaries/rand.o
 .bss           0x81016010        0x0 binaries/sprintf.o
 .bss           0x81016010        0x0 binaries/sscanf.o
 .bss           0x81016010        0x0 binaries/strchr.o
 .bss           0x81016010        0x0 binaries/strcmp.o
 .bss           0x81016010        0x0 binaries/strcpy.o
 .bss           0x81016010        0x0 binaries/strlen.o
 .bss           0x81016010        0x0 binaries/strncat.o
 .bss           0x81016010        0x0 binaries/strncmp.o
 .bss           0x81016010        0x0 binaries/strncpy.o
 .bss           0x81016010        0x0 binaries/strnlen.o
 .bss           0x81016010        0x0 binaries/strrchr.o
 .bss           0x81016010        0x0 binaries/strstr.o
 .bss           0x81016010        0x0 binaries/ttycontrol.o
 .bss           0x81016010        0x0 binaries/ttygetc.o
 .bss           0x81016010        0x0 binaries/ttyhandle_in.o
 .bss           0x81016010        0x0 binaries/ttyhandle_out.o
 .bss           0x81016010        0x0 binaries/ttyhandler.o
 .bss           0x81016010        0x0 binaries/ttyinit.o
 .bss           0x81016010        0x0 binaries/ttykickout.o
 .bss           0x81016010        0x0 binaries/ttyputc.o
 .bss           0x81016010        0x0 binaries/ttyread.o
 .bss           0x81016010        0x0 binaries/ttywrite.o
 .bss           0x81016010        0x0 binaries/mount.o
 .bss           0x81016010        0x0 binaries/naminit.o
 .bss           0x81016010        0x0 binaries/nammap.o
 .bss           0x81016010        0x0 binaries/namopen.o
 .bss           0x81016010        0x0 binaries/ethcontrol.o
 .bss           0x81016010        0x0 binaries/ethhandler.o
 .bss           0x81016010        0x0 binaries/ethinit.o
 .bss           0x81016010        0x0 binaries/ethread.o
 .bss           0x81016010        0x0 binaries/ethwrite.o
 .bss           0x81016010        0x0 binaries/rdsbufalloc.o
 .bss           0x81016010        0x0 binaries/rdsclose.o
 .bss           0x81016010        0x0 binaries/rdscomm.o
 .bss           0x81016010        0x0 binaries/rdscontrol.o
 .bss           0x81016010        0x0 binaries/rdsinit.o
 .bss           0x81016010        0x0 binaries/rdsopen.o
 .bss           0x81016010        0x0 binaries/rdsprocess.o
 .bss           0x81016010        0x0 binaries/rdsread.o
 .bss           0x81016010        0x0 binaries/rdswrite.o
 .bss           0x81016010        0x0 binaries/ramclose.o
 .bss           0x81016010        0x0 binaries/raminit.o
 .bss           0x81016010        0x0 binaries/ramopen.o
 .bss           0x81016010        0x0 binaries/ramread.o
 .bss           0x81016010        0x0 binaries/ramwrite.o
 .bss           0x81016010        0x0 binaries/lfdballoc.o
 .bss           0x81016010        0x0 binaries/lfdbfree.o
 .bss           0x81016010        0x0 binaries/lfflush.o
 .bss           0x81016010        0x0 binaries/lfgetmode.o
 .bss           0x81016010        0x0 binaries/lfiballoc.o
 .bss           0x81016010        0x0 binaries/lfibclear.o
 .bss           0x81016010        0x0 binaries/lfibget.o
 .bss           0x81016010        0x0 binaries/lfibput.o
 .bss           0x81016010        0x0 binaries/lflclose.o
 .bss           0x81016010        0x0 binaries/lflcontrol.o
 .bss           0x81016010        0x0 binaries/lflgetc.o
 .bss           0x81016010        0x0 binaries/lflinit.o
 .bss           0x81016010        0x0 binaries/lflputc.o
 .bss           0x81016010        0x0 binaries/lflread.o
 .bss           0x81016010        0x0 binaries/lflseek.o
 .bss           0x81016010        0x0 binaries/lflwrite.o
 .bss           0x81016010        0x0 binaries/lfscheck.o
 .bss           0x81016010        0x0 binaries/lfsckfmt.o
 .bss           0x81016010        0x0 binaries/lfscreate.o
 .bss           0x81016010        0x0 binaries/lfsetup.o
 .bss           0x81016010        0x0 binaries/lfsinit.o
 .bss           0x81016010        0x0 binaries/lfsopen.o
 .bss           0x81016010        0x0 binaries/lftruncate.o
 .bss           0x81016010        0x0 binaries/rflclose.o
 .bss           0x81016010        0x0 binaries/rflgetc.o
 .bss           0x81016010        0x0 binaries/rflinit.o
 .bss           0x81016010        0x0 binaries/rflputc.o
 .bss           0x81016010        0x0 binaries/rflread.o
 .bss           0x81016010        0x0 binaries/rflseek.o
 .bss           0x81016010        0x0 binaries/rflwrite.o
 .bss           0x81016010        0x0 binaries/rfscomm.o
 .bss           0x81016010        0x0 binaries/rfscontrol.o
 .bss           0x81016010        0x0 binaries/rfsgetmode.o
 .bss           0x81016010        0x0 binaries/rfsinit.o
 .bss           0x81016010        0x0 binaries/rfsndmsg.o
 .bss           0x81016010        0x0 binaries/rfsopen.o
 .bss           0x81016010        0x0 binaries/spicontrol.o
 .bss           0x81016010        0x0 binaries/spiinit.o
 .bss           0x81016010        0x0 binaries/gpioinit.o
 .bss           0x81016010        0x0 binaries/gpiowrite.o
 .bss           0x81016010        0x0 binaries/arp.o
 .bss           0x81016010        0x0 binaries/dhcp.o
 .bss           0x81016010        0x0 binaries/dns.o
 .bss           0x81016010        0x0 binaries/dot2ip.o
 .bss           0x81016010        0x0 binaries/hexdump.o
 .bss           0x81016010        0x0 binaries/icmp.o
 .bss           0x81016010        0x0 binaries/ip.o
 .bss           0x81016010        0x0 binaries/net.o
 .bss           0x81016010        0x0 binaries/pdump.o
 .bss           0x81016010        0x0 binaries/tftp.o
 .bss           0x81016010        0x0 binaries/udp.o
 .bss           0x81016010        0x0 binaries/addargs.o
 .bss           0x81016010        0x0 binaries/lexan.o
 .bss           0x81016010        0x0 binaries/shell.o
 .bss           0x81016010        0x0 binaries/xsh_argecho.o
 .bss           0x81016010        0x0 binaries/xsh_arp.o
 .bss           0x81016010        0x0 binaries/xsh_cat.o
 .bss           0x81016010        0x0 binaries/xsh_clear.o
 .bss           0x81016010        0x0 binaries/xsh_date.o
 .bss           0x81016010        0x0 binaries/xsh_devdump.o
 .bss           0x81016010        0x0 binaries/xsh_echo.o
 .bss           0x81016010        0x0 binaries/xsh_exit.o
 .bss           0x81016010        0x0 binaries/xsh_help.o
 .bss           0x81016010        0x0 binaries/xsh_kill.o
 .bss           0x81016010        0x0 binaries/xsh_memdump.o
 .bss           0x81016010        0x0 binaries/xsh_memstat.o
 .bss           0x81016010        0x0 binaries/xsh_netinfo.o
 .bss           0x81016010        0x4 binaries/xsh_ping.o
 .bss           0x81016014        0x0 binaries/xsh_ps.o
 .bss           0x81016014        0x0 binaries/xsh_sleep.o
 .bss           0x81016014        0x0 binaries/xsh_udpdump.o
 .bss           0x81016014        0x0 binaries/xsh_udpecho.o
 .bss           0x81016014        0x0 binaries/xsh_udpserver.o
 .bss           0x81016014        0x0 binaries/xsh_uptime.o
 .bss           0x81016014        0x0 binaries/ctxsw.o
 .bss           0x81016014        0x0 binaries/intr.o
 .bss           0x81016014        0x0 ../cross_compiler/lib/gcc/arm-none-eabi/4.8.1//libgcc.a(_udivsi3.o)
 .bss           0x81016014        0x0 ../cross_compiler/lib/gcc/arm-none-eabi/4.8.1//libgcc.a(_divsi3.o)
 .bss           0x81016014        0x0 ../cross_compiler/lib/gcc/arm-none-eabi/4.8.1//libgcc.a(_dvmd_tls.o)
 .bss           0x81016014        0x0 ../cross_compiler/lib/gcc/arm-none-eabi/4.8.1//libgcc.a(_arm_muldivdf3.o)
 .bss           0x81016014        0x0 ../cross_compiler/lib/gcc/arm-none-eabi/4.8.1//libgcc.a(_arm_cmpdf2.o)
 .bss           0x81016014        0x0 ../cross_compiler/lib/gcc/arm-none-eabi/4.8.1//libgcc.a(_arm_fixdfsi.o)
 *(COMMON)
 COMMON         0x81016014      0x80c binaries/ascdate.o
                0x81016014                topictab
                0x81016814                pqueue
 COMMON         0x81016820       0xf4 binaries/bufinit.o
                0x81016820                buftab
                0x81016910                nbpools
 COMMON         0x81016914       0x10 binaries/clkinit.o
                0x81016914                sleepq
                0x81016918                clktime_ms
                0x8101691c                preempt
                0x81016920                clktime
 COMMON         0x81016924      0x200 binaries/evec.o
                0x81016924                intc_vector
 COMMON         0x81016b24     0x1aa4 binaries/initialize.o
                0x81016b24                currpid
                0x81016b28                proctab
                0x81018108                prcount
                0x8101810c                semtab
                0x810185bc                broker_id
                0x810185c0                memlist
 COMMON         0x810185c8        0x4 binaries/main.o
                0x810185c8                led
 COMMON         0x810185cc       0x58 binaries/mark.o
                0x810185cc                marks
                0x8101861c                nmarks
                0x81018620                mkmutex
 COMMON         0x81018624        0x8 binaries/meminit.o
                0x81018624                minheap
                0x81018628                maxheap
 COMMON         0x8101862c      0x2d8 binaries/ptinit.o
                0x8101862c                porttab
                0x810188fc                ptnextid
                0x81018900                ptfree
 COMMON         0x81018904      0x980 binaries/queue.o
                0x81018904                queuetab
 COMMON         0x81019284        0x2 binaries/ready.o
                0x81019284                readylist
 *fill*         0x81019286        0x2 
 COMMON         0x81019288        0x8 binaries/resched.o
                0x81019288                Defer
 COMMON         0x81019290      0x110 binaries/ttyinit.o
                0x81019290                ttytab
 COMMON         0x810193a0     0x19a4 binaries/naminit.o
                0x810193a0                nnames
                0x810193a4                nametab
 COMMON         0x8101ad44      0x154 binaries/ethinit.o
                0x8101ad44                eth_a_regs
                0x8101ad60                ethertab
 COMMON         0x8101ae98       0x8c binaries/rdsinit.o
                0x8101ae98                rdstab
 COMMON         0x8101af24    0x19000 binaries/raminit.o
                0x8101af24                Ram
 COMMON         0x81033f24      0xf00 binaries/lflinit.o
                0x81033f24                lfltab
 COMMON         0x81034e24      0x20c binaries/lfsinit.o
                0x81034e24                Lf_data
 COMMON         0x81035030      0x5a0 binaries/rflinit.o
                0x81035030                rfltab
 COMMON         0x810355d0       0x18 binaries/rfsinit.o
                0x810355d0                Rf_data
 COMMON         0x810355e8      0x140 binaries/arp.o
                0x810355e8                arpcache
 COMMON         0x81035728      0x230 binaries/icmp.o
                0x81035728                icmptab
 COMMON         0x81035958       0x2c binaries/ip.o
                0x81035958                ipoqueue
 COMMON         0x81035984       0xb8 binaries/net.o
                0x81035984                netbufpool
                0x81035988                netportseed
                0x8103598c                NetData
 COMMON         0x81035a3c      0x168 binaries/udp.o
                0x81035a3c                udptab
                0x81035ba4                ebss = ABSOLUTE (.)
                0x81036000                . = ALIGN (0x1000)
 *fill*         0x81035ba4      0x45c 
 */()
                0x81036000                end = ABSOLUTE (.)
                0x81036000                _end = ABSOLUTE (.)
                0x81036000                . = ALIGN (0x1000)
LOAD binaries/start.o
LOAD binaries/ascdate.o
LOAD binaries/broker.o
LOAD binaries/bufinit.o
LOAD binaries/chprio.o
LOAD binaries/clkhandler.o
LOAD binaries/clkinit.o
LOAD binaries/close.o
LOAD binaries/conf.o
LOAD binaries/control.o
LOAD binaries/create.o
LOAD binaries/evec.o
LOAD binaries/exit.o
LOAD binaries/freebuf.o
LOAD binaries/freemem.o
LOAD binaries/getbuf.o
LOAD binaries/getc.o
LOAD binaries/getdev.o
LOAD binaries/getitem.o
LOAD binaries/getmem.o
LOAD binaries/getpid.o
LOAD binaries/getprio.o
LOAD binaries/getstk.o
LOAD binaries/getticks.o
LOAD binaries/gettime.o
LOAD binaries/getutime.o
LOAD binaries/init.o
LOAD binaries/initialize.o
LOAD binaries/insert.o
LOAD binaries/insertd.o
LOAD binaries/ioerr.o
LOAD binaries/ionull.o
LOAD binaries/kill.o
LOAD binaries/kprintf.o
LOAD binaries/main.o
LOAD binaries/mark.o
LOAD binaries/meminit.o
LOAD binaries/mkbufpool.o
LOAD binaries/newqueue.o
LOAD binaries/open.o
LOAD binaries/panic.o
LOAD binaries/platinit.o
LOAD binaries/ptclear.o
LOAD binaries/ptcount.o
LOAD binaries/ptcreate.o
LOAD binaries/ptdelete.o
LOAD binaries/ptinit.o
LOAD binaries/ptrecv.o
LOAD binaries/ptreset.o
LOAD binaries/ptsend.o
LOAD binaries/publish.o
LOAD binaries/putc.o
LOAD binaries/queue.o
LOAD binaries/read.o
LOAD binaries/ready.o
LOAD binaries/receive.o
LOAD binaries/recvclr.o
LOAD binaries/recvtime.o
LOAD binaries/resched.o
LOAD binaries/resume.o
LOAD binaries/seek.o
LOAD binaries/semcount.o
LOAD binaries/semcreate.o
LOAD binaries/semdelete.o
LOAD binaries/semreset.o
LOAD binaries/send.o
LOAD binaries/signal.o
LOAD binaries/signaln.o
LOAD binaries/sleep.o
LOAD binaries/subscribe.o
LOAD binaries/suspend.o
LOAD binaries/unsleep.o
LOAD binaries/unsubscribe.o
LOAD binaries/userret.o
LOAD binaries/wait.o
LOAD binaries/wakeup.o
LOAD binaries/write.o
LOAD binaries/xdone.o
LOAD binaries/yield.o
LOAD binaries/abs.o
LOAD binaries/atoi.o
LOAD binaries/atol.o
LOAD binaries/bzero.o
LOAD binaries/ctype_.o
LOAD binaries/doprnt.o
LOAD binaries/doscan.o
LOAD binaries/fdoprnt.o
LOAD binaries/fgetc.o
LOAD binaries/fgets.o
LOAD binaries/fprintf.o
LOAD binaries/fputc.o
LOAD binaries/fputs.o
LOAD binaries/fscanf.o
LOAD binaries/getchar.o
LOAD binaries/labs.o
LOAD binaries/memchr.o
LOAD binaries/memcmp.o
LOAD binaries/memcpy.o
LOAD binaries/memset.o
LOAD binaries/printf.o
LOAD binaries/putchar.o
LOAD binaries/qsort.o
LOAD binaries/rand.o
LOAD binaries/sprintf.o
LOAD binaries/sscanf.o
LOAD binaries/strchr.o
LOAD binaries/strcmp.o
LOAD binaries/strcpy.o
LOAD binaries/strlen.o
LOAD binaries/strncat.o
LOAD binaries/strncmp.o
LOAD binaries/strncpy.o
LOAD binaries/strnlen.o
LOAD binaries/strrchr.o
LOAD binaries/strstr.o
LOAD binaries/ttycontrol.o
LOAD binaries/ttygetc.o
LOAD binaries/ttyhandle_in.o
LOAD binaries/ttyhandle_out.o
LOAD binaries/ttyhandler.o
LOAD binaries/ttyinit.o
LOAD binaries/ttykickout.o
LOAD binaries/ttyputc.o
LOAD binaries/ttyread.o
[...]
 .ARM.attributes
                0x00001cec       0x35 binaries/rdsprocess.o
 .ARM.attributes
                0x00001d21       0x35 binaries/rdsread.o
 .ARM.attributes
                0x00001d56       0x35 binaries/rdswrite.o
 .ARM.attributes
                0x00001d8b       0x35 binaries/ramclose.o
 .ARM.attributes
                0x00001dc0       0x35 binaries/raminit.o
 .ARM.attributes
                0x00001df5       0x35 binaries/ramopen.o
 .ARM.attributes
                0x00001e2a       0x35 binaries/ramread.o
 .ARM.attributes
                0x00001e5f       0x35 binaries/ramwrite.o
 .ARM.attributes
                0x00001e94       0x35 binaries/lfdballoc.o
 .ARM.attributes
                0x00001ec9       0x35 binaries/lfdbfree.o
 .ARM.attributes
                0x00001efe       0x35 binaries/lfflush.o
 .ARM.attributes
                0x00001f33       0x35 binaries/lfgetmode.o
 .ARM.attributes
                0x00001f68       0x35 binaries/lfiballoc.o
 .ARM.attributes
                0x00001f9d       0x35 binaries/lfibclear.o
 .ARM.attributes
                0x00001fd2       0x35 binaries/lfibget.o
 .ARM.attributes
                0x00002007       0x35 binaries/lfibput.o
 .ARM.attributes
                0x0000203c       0x35 binaries/lflclose.o
 .ARM.attributes
                0x00002071       0x35 binaries/lflcontrol.o
 .ARM.attributes
                0x000020a6       0x35 binaries/lflgetc.o
 .ARM.attributes
                0x000020db       0x35 binaries/lflinit.o
 .ARM.attributes
                0x00002110       0x35 binaries/lflputc.o
 .ARM.attributes
                0x00002145       0x35 binaries/lflread.o
 .ARM.attributes
                0x0000217a       0x35 binaries/lflseek.o
 .ARM.attributes
                0x000021af       0x35 binaries/lflwrite.o
 .ARM.attributes
                0x000021e4       0x35 binaries/lfscheck.o
 .ARM.attributes
                0x00002219       0x35 binaries/lfsckfmt.o
 .ARM.attributes
                0x0000224e       0x35 binaries/lfscreate.o
 .ARM.attributes
                0x00002283       0x35 binaries/lfsetup.o
 .ARM.attributes
                0x000022b8       0x35 binaries/lfsinit.o
 .ARM.attributes
                0x000022ed       0x35 binaries/lfsopen.o
 .ARM.attributes
                0x00002322       0x35 binaries/lftruncate.o
 .ARM.attributes
                0x00002357       0x35 binaries/rflclose.o
 .ARM.attributes
                0x0000238c       0x35 binaries/rflgetc.o
 .ARM.attributes
                0x000023c1       0x35 binaries/rflinit.o
 .ARM.attributes
                0x000023f6       0x35 binaries/rflputc.o
 .ARM.attributes
                0x0000242b       0x35 binaries/rflread.o
 .ARM.attributes
                0x00002460       0x35 binaries/rflseek.o
 .ARM.attributes
                0x00002495       0x35 binaries/rflwrite.o
 .ARM.attributes
                0x000024ca       0x35 binaries/rfscomm.o
 .ARM.attributes
                0x000024ff       0x35 binaries/rfscontrol.o
 .ARM.attributes
                0x00002534       0x35 binaries/rfsgetmode.o
 .ARM.attributes
                0x00002569       0x35 binaries/rfsinit.o
 .ARM.attributes
                0x0000259e       0x35 binaries/rfsndmsg.o
 .ARM.attributes
                0x000025d3       0x35 binaries/rfsopen.o
 .ARM.attributes
                0x00002608       0x35 binaries/spicontrol.o
 .ARM.attributes
                0x0000263d       0x35 binaries/spiinit.o
 .ARM.attributes
                0x00002672       0x35 binaries/gpioinit.o
 .ARM.attributes
                0x000026a7       0x35 binaries/gpiowrite.o
 .ARM.attributes
                0x000026dc       0x35 binaries/arp.o
 .ARM.attributes
                0x00002711       0x35 binaries/dhcp.o
 .ARM.attributes
                0x00002746       0x35 binaries/dns.o
 .ARM.attributes
                0x0000277b       0x35 binaries/dot2ip.o
 .ARM.attributes
                0x000027b0       0x35 binaries/hexdump.o
 .ARM.attributes
                0x000027e5       0x35 binaries/icmp.o
 .ARM.attributes
                0x0000281a       0x35 binaries/ip.o
 .ARM.attributes
                0x0000284f       0x35 binaries/net.o
 .ARM.attributes
                0x00002884       0x35 binaries/pdump.o
 .ARM.attributes
                0x000028b9       0x35 binaries/tftp.o
 .ARM.attributes
                0x000028ee       0x35 binaries/udp.o
 .ARM.attributes
                0x00002923       0x35 binaries/addargs.o
 .ARM.attributes
                0x00002958       0x35 binaries/lexan.o
 .ARM.attributes
                0x0000298d       0x35 binaries/shell.o
 .ARM.attributes
                0x000029c2       0x35 binaries/xsh_argecho.o
 .ARM.attributes
                0x000029f7       0x35 binaries/xsh_arp.o
 .ARM.attributes
                0x00002a2c       0x35 binaries/xsh_cat.o
 .ARM.attributes
                0x00002a61       0x35 binaries/xsh_clear.o
 .ARM.attributes
                0x00002a96       0x35 binaries/xsh_date.o
 .ARM.attributes
                0x00002acb       0x35 binaries/xsh_devdump.o
 .ARM.attributes
                0x00002b00       0x35 binaries/xsh_echo.o
 .ARM.attributes
                0x00002b35       0x35 binaries/xsh_exit.o
 .ARM.attributes
                0x00002b6a       0x35 binaries/xsh_help.o
 .ARM.attributes
                0x00002b9f       0x35 binaries/xsh_kill.o
 .ARM.attributes
                0x00002bd4       0x35 binaries/xsh_memdump.o
 .ARM.attributes
                0x00002c09       0x35 binaries/xsh_memstat.o
 .ARM.attributes
                0x00002c3e       0x35 binaries/xsh_netinfo.o
 .ARM.attributes
                0x00002c73       0x35 binaries/xsh_ping.o
 .ARM.attributes
                0x00002ca8       0x35 binaries/xsh_ps.o
 .ARM.attributes
                0x00002cdd       0x35 binaries/xsh_sleep.o
 .ARM.attributes
                0x00002d12       0x35 binaries/xsh_udpdump.o
 .ARM.attributes
                0x00002d47       0x35 binaries/xsh_udpecho.o
 .ARM.attributes
                0x00002d7c       0x35 binaries/xsh_udpserver.o
 .ARM.attributes
                0x00002db1       0x35 binaries/xsh_uptime.o
 .ARM.attributes
                0x00002de6       0x25 binaries/ctxsw.o
 .ARM.attributes
                0x00002e0b       0x25 binaries/intr.o
 .ARM.attributes
                0x00002e30       0x18 ../cross_compiler/lib/gcc/arm-none-eabi/4.8.1//libgcc.a(_udivsi3.o)
 .ARM.attributes
                0x00002e48       0x18 ../cross_compiler/lib/gcc/arm-none-eabi/4.8.1//libgcc.a(_divsi3.o)
 .ARM.attributes
                0x00002e60       0x18 ../cross_compiler/lib/gcc/arm-none-eabi/4.8.1//libgcc.a(_dvmd_tls.o)
 .ARM.attributes
                0x00002e78       0x18 ../cross_compiler/lib/gcc/arm-none-eabi/4.8.1//libgcc.a(_arm_muldivdf3.o)
 .ARM.attributes
                0x00002e90       0x18 ../cross_compiler/lib/gcc/arm-none-eabi/4.8.1//libgcc.a(_arm_cmpdf2.o)
 .ARM.attributes
                0x00002ea8       0x18 ../cross_compiler/lib/gcc/arm-none-eabi/4.8.1//libgcc.a(_arm_fixdfsi.o)

.comment        0x00000000       0x30
 .comment       0x00000000       0x30 binaries/ascdate.o
                                 0x31 (size before relaxing)
 .comment       0x00000000       0x31 binaries/broker.o
 .comment       0x00000000       0x31 binaries/bufinit.o
 .comment       0x00000000       0x31 binaries/chprio.o
 .comment       0x00000000       0x31 binaries/clkhandler.o
 .comment       0x00000000       0x31 binaries/clkinit.o
 .comment       0x00000000       0x31 binaries/close.o
 .comment       0x00000000       0x31 binaries/conf.o
 .comment       0x00000000       0x31 binaries/control.o
 .comment       0x00000000       0x31 binaries/create.o
 .comment       0x00000000       0x31 binaries/evec.o
 .comment       0x00000000       0x31 binaries/exit.o
 .comment       0x00000000       0x31 binaries/freebuf.o
 .comment       0x00000000       0x31 binaries/freemem.o
 .comment       0x00000000       0x31 binaries/getbuf.o
 .comment       0x00000000       0x31 binaries/getc.o
 .comment       0x00000000       0x31 binaries/getdev.o
 .comment       0x00000000       0x31 binaries/getitem.o
 .comment       0x00000000       0x31 binaries/getmem.o
 .comment       0x00000000       0x31 binaries/getpid.o
 .comment       0x00000000       0x31 binaries/getprio.o
 .comment       0x00000000       0x31 binaries/getstk.o
 .comment       0x00000000       0x31 binaries/getticks.o
 .comment       0x00000000       0x31 binaries/gettime.o
 .comment       0x00000000       0x31 binaries/getutime.o
 .comment       0x00000000       0x31 binaries/init.o
 .comment       0x00000000       0x31 binaries/initialize.o
 .comment       0x00000000       0x31 binaries/insert.o
 .comment       0x00000000       0x31 binaries/insertd.o
 .comment       0x00000000       0x31 binaries/ioerr.o
 .comment       0x00000000       0x31 binaries/ionull.o
 .comment       0x00000000       0x31 binaries/kill.o
 .comment       0x00000000       0x31 binaries/kprintf.o
 .comment       0x00000000       0x31 binaries/main.o
 .comment       0x00000000       0x31 binaries/mark.o
 .comment       0x00000000       0x31 binaries/meminit.o
 .comment       0x00000000       0x31 binaries/mkbufpool.o
 .comment       0x00000000       0x31 binaries/newqueue.o
 .comment       0x00000000       0x31 binaries/open.o
 .comment       0x00000000       0x31 binaries/panic.o
 .comment       0x00000000       0x31 binaries/platinit.o
 .comment       0x00000000       0x31 binaries/ptclear.o
 .comment       0x00000000       0x31 binaries/ptcount.o
 .comment       0x00000000       0x31 binaries/ptcreate.o
 .comment       0x00000000       0x31 binaries/ptdelete.o
 .comment       0x00000000       0x31 binaries/ptinit.o
 .comment       0x00000000       0x31 binaries/ptrecv.o
 .comment       0x00000000       0x31 binaries/ptreset.o
 .comment       0x00000000       0x31 binaries/ptsend.o
 .comment       0x00000000       0x31 binaries/publish.o
 .comment       0x00000000       0x31 binaries/putc.o
 .comment       0x00000000       0x31 binaries/queue.o
 .comment       0x00000000       0x31 binaries/read.o
 .comment       0x00000000       0x31 binaries/ready.o
 .comment       0x00000000       0x31 binaries/receive.o
 .comment       0x00000000       0x31 binaries/recvclr.o
 .comment       0x00000000       0x31 binaries/recvtime.o
 .comment       0x00000000       0x31 binaries/resched.o
 .comment       0x00000000       0x31 binaries/resume.o
 .comment       0x00000000       0x31 binaries/seek.o
 .comment       0x00000000       0x31 binaries/semcount.o
 .comment       0x00000000       0x31 binaries/semcreate.o
 .comment       0x00000000       0x31 binaries/semdelete.o
 .comment       0x00000000       0x31 binaries/semreset.o
 .comment       0x00000000       0x31 binaries/send.o
 .comment       0x00000000       0x31 binaries/signal.o
 .comment       0x00000000       0x31 binaries/signaln.o
 .comment       0x00000000       0x31 binaries/sleep.o
 .comment       0x00000000       0x31 binaries/subscribe.o
 .comment       0x00000000       0x31 binaries/suspend.o
 .comment       0x00000000       0x31 binaries/unsleep.o
 .comment       0x00000000       0x31 binaries/unsubscribe.o
 .comment       0x00000000       0x31 binaries/userret.o
 .comment       0x00000000       0x31 binaries/wait.o
 .comment       0x00000000       0x31 binaries/wakeup.o
 .comment       0x00000000       0x31 binaries/write.o
 .comment       0x00000000       0x31 binaries/xdone.o
 .comment       0x00000000       0x31 binaries/yield.o
 .comment       0x00000000       0x31 binaries/abs.o
 .comment       0x00000000       0x31 binaries/atoi.o
 .comment       0x00000000       0x31 binaries/atol.o
 .comment       0x00000000       0x31 binaries/bzero.o
 .comment       0x00000000       0x31 binaries/ctype_.o
 .comment       0x00000000       0x31 binaries/doprnt.o
 .comment       0x00000000       0x31 binaries/doscan.o
 .comment       0x00000000       0x31 binaries/fdoprnt.o
 .comment       0x00000000       0x31 binaries/fgetc.o
 .comment       0x00000000       0x31 binaries/fgets.o
 .comment       0x00000000       0x31 binaries/fprintf.o
 .comment       0x00000000       0x31 binaries/fputc.o
 .comment       0x00000000       0x31 binaries/fputs.o
 .comment       0x00000000       0x31 binaries/fscanf.o
 .comment       0x00000000       0x31 binaries/getchar.o
 .comment       0x00000000       0x31 binaries/labs.o
 .comment       0x00000000       0x31 binaries/memchr.o
 .comment       0x00000000       0x31 binaries/memcmp.o
 .comment       0x00000000       0x31 binaries/memcpy.o
 .comment       0x00000000       0x31 binaries/memset.o
 .comment       0x00000000       0x31 binaries/printf.o
 .comment       0x00000000       0x31 binaries/putchar.o
 .comment       0x00000000       0x31 binaries/qsort.o
 .comment       0x00000000       0x31 binaries/rand.o
 .comment       0x00000000       0x31 binaries/sprintf.o
 .comment       0x00000000       0x31 binaries/sscanf.o
 .comment       0x00000000       0x31 binaries/strchr.o
 .comment       0x00000000       0x31 binaries/strcmp.o
 .comment       0x00000000       0x31 binaries/strcpy.o
 .comment       0x00000000       0x31 binaries/strlen.o
 .comment       0x00000000       0x31 binaries/strncat.o
 .comment       0x00000000       0x31 binaries/strncmp.o
 .comment       0x00000000       0x31 binaries/strncpy.o
 .comment       0x00000000       0x31 binaries/strnlen.o
 .comment       0x00000000       0x31 binaries/strrchr.o
 .comment       0x00000000       0x31 binaries/strstr.o
 .comment       0x00000000       0x31 binaries/ttycontrol.o
 .comment       0x00000000       0x31 binaries/ttygetc.o
 .comment       0x00000000       0x31 binaries/ttyhandle_in.o
 .comment       0x00000000       0x31 binaries/ttyhandle_out.o
 .comment       0x00000000       0x31 binaries/ttyhandler.o
 .comment       0x00000000       0x31 binaries/ttyinit.o
 .comment       0x00000000       0x31 binaries/ttykickout.o
 .comment       0x00000000       0x31 binaries/ttyputc.o
 .comment       0x00000000       0x31 binaries/ttyread.o
 .comment       0x00000000       0x31 binaries/ttywrite.o
 .comment       0x00000000       0x31 binaries/mount.o
 .comment       0x00000000       0x31 binaries/naminit.o
 .comment       0x00000000       0x31 binaries/nammap.o
 .comment       0x00000000       0x31 binaries/namopen.o
 .comment       0x00000000       0x31 binaries/ethcontrol.o
 .comment       0x00000000       0x31 binaries/ethhandler.o
 .comment       0x00000000       0x31 binaries/ethinit.o
 .comment       0x00000000       0x31 binaries/ethread.o
 .comment       0x00000000       0x31 binaries/ethwrite.o
 .comment       0x00000000       0x31 binaries/rdsbufalloc.o
 .comment       0x00000000       0x31 binaries/rdsclose.o
 .comment       0x00000000       0x31 binaries/rdscomm.o
 .comment       0x00000000       0x31 binaries/rdscontrol.o
 .comment       0x00000000       0x31 binaries/rdsinit.o
 .comment       0x00000000       0x31 binaries/rdsopen.o
 .comment       0x00000000       0x31 binaries/rdsprocess.o
 .comment       0x00000000       0x31 binaries/rdsread.o
 .comment       0x00000000       0x31 binaries/rdswrite.o
 .comment       0x00000000       0x31 binaries/ramclose.o
 .comment       0x00000000       0x31 binaries/raminit.o
 .comment       0x00000000       0x31 binaries/ramopen.o
 .comment       0x00000000       0x31 binaries/ramread.o
 .comment       0x00000000       0x31 binaries/ramwrite.o
 .comment       0x00000000       0x31 binaries/lfdballoc.o
 .comment       0x00000000       0x31 binaries/lfdbfree.o
 .comment       0x00000000       0x31 binaries/lfflush.o
 .comment       0x00000000       0x31 binaries/lfgetmode.o
 .comment       0x00000000       0x31 binaries/lfiballoc.o
 .comment       0x00000000       0x31 binaries/lfibclear.o
 .comment       0x00000000       0x31 binaries/lfibget.o
 .comment       0x00000000       0x31 binaries/lfibput.o
 .comment       0x00000000       0x31 binaries/lflclose.o
 .comment       0x00000000       0x31 binaries/lflcontrol.o
 .comment       0x00000000       0x31 binaries/lflgetc.o
 .comment       0x00000000       0x31 binaries/lflinit.o
 .comment       0x00000000       0x31 binaries/lflputc.o
 .comment       0x00000000       0x31 binaries/lflread.o
 .comment       0x00000000       0x31 binaries/lflseek.o
 .comment       0x00000000       0x31 binaries/lflwrite.o
 .comment       0x00000000       0x31 binaries/lfscheck.o
 .comment       0x00000000       0x31 binaries/lfsckfmt.o
 .comment       0x00000000       0x31 binaries/lfscreate.o
 .comment       0x00000000       0x31 binaries/lfsetup.o
 .comment       0x00000000       0x31 binaries/lfsinit.o
 .comment       0x00000000       0x31 binaries/lfsopen.o
 .comment       0x00000000       0x31 binaries/lftruncate.o
 .comment       0x00000000       0x31 binaries/rflclose.o
 .comment       0x00000000       0x31 binaries/rflgetc.o
 .comment       0x00000000       0x31 binaries/rflinit.o
 .comment       0x00000000       0x31 binaries/rflputc.o
 .comment       0x00000000       0x31 binaries/rflread.o
 .comment       0x00000000       0x31 binaries/rflseek.o
 .comment       0x00000000       0x31 binaries/rflwrite.o
 .comment       0x00000000       0x31 binaries/rfscomm.o
 .comment       0x00000000       0x31 binaries/rfscontrol.o
 .comment       0x00000000       0x31 binaries/rfsgetmode.o
 .comment       0x00000000       0x31 binaries/rfsinit.o
 .comment       0x00000000       0x31 binaries/rfsndmsg.o
 .comment       0x00000000       0x31 binaries/rfsopen.o
 .comment       0x00000000       0x31 binaries/spicontrol.o
 .comment       0x00000000       0x31 binaries/spiinit.o
 .comment       0x00000000       0x31 binaries/gpioinit.o
 .comment       0x00000000       0x31 binaries/gpiowrite.o
 .comment       0x00000000       0x31 binaries/arp.o
 .comment       0x00000000       0x31 binaries/dhcp.o
 .comment       0x00000000       0x31 binaries/dns.o
 .comment       0x00000000       0x31 binaries/dot2ip.o
 .comment       0x00000000       0x31 binaries/hexdump.o
 .comment       0x00000000       0x31 binaries/icmp.o
 .comment       0x00000000       0x31 binaries/ip.o
 .comment       0x00000000       0x31 binaries/net.o
 .comment       0x00000000       0x31 binaries/pdump.o
 .comment       0x00000000       0x31 binaries/tftp.o
 .comment       0x00000000       0x31 binaries/udp.o
 .comment       0x00000000       0x31 binaries/addargs.o
 .comment       0x00000000       0x31 binaries/lexan.o
 .comment       0x00000000       0x31 binaries/shell.o
 .comment       0x00000000       0x31 binaries/xsh_argecho.o
 .comment       0x00000000       0x31 binaries/xsh_arp.o
 .comment       0x00000000       0x31 binaries/xsh_cat.o
 .comment       0x00000000       0x31 binaries/xsh_clear.o
 .comment       0x00000000       0x31 binaries/xsh_date.o
 .comment       0x00000000       0x31 binaries/xsh_devdump.o
 .comment       0x00000000       0x31 binaries/xsh_echo.o
 .comment       0x00000000       0x31 binaries/xsh_exit.o
 .comment       0x00000000       0x31 binaries/xsh_help.o
 .comment       0x00000000       0x31 binaries/xsh_kill.o
 .comment       0x00000000       0x31 binaries/xsh_memdump.o
 .comment       0x00000000       0x31 binaries/xsh_memstat.o
 .comment       0x00000000       0x31 binaries/xsh_netinfo.o
 .comment       0x00000000       0x31 binaries/xsh_ping.o
 .comment       0x00000000       0x31 binaries/xsh_ps.o
 .comment       0x00000000       0x31 binaries/xsh_sleep.o
 .comment       0x00000000       0x31 binaries/xsh_udpdump.o
 .comment       0x00000000       0x31 binaries/xsh_udpecho.o
 .comment       0x00000000       0x31 binaries/xsh_udpserver.o
 .comment       0x00000000       0x31 binaries/xsh_uptime.o

.debug_frame    0x00000000       0x40
 .debug_frame   0x00000000       0x20 ../cross_compiler/lib/gcc/arm-none-eabi/4.8.1//libgcc.a(_udivsi3.o)
 .debug_frame   0x00000020       0x20 ../cross_compiler/lib/gcc/arm-none-eabi/4.8.1//libgcc.a(_divsi3.o)
